[www.loyolaschooltrivandrum.com/index.html]
[backblue.gif]
[fade.gif]
[index.html]
[www.loyolaschooltrivandrum.com/css/images/favicon.png]
[www.loyolaschooltrivandrum.com/css/main.css]
[www.loyolaschooltrivandrum.com/css/font-awesome.min.css]
[www.loyolaschooltrivandrum.com/css/images/logo.png]
[www.loyolaschooltrivandrum.com/index.html]
[www.loyolaschooltrivandrum.com/css/images/bg.jpg]
[www.loyolaschooltrivandrum.com/vendor/jquery/jquery.min.js]
[www.loyolaschooltrivandrum.com/css/images/bg2.jpg]
[www.loyolaschooltrivandrum.com/css/images/bg3.jpg]
[www.loyolaschooltrivandrum.com/css/main.css]
[www.loyolaschooltrivandrum.com/fonts/fontawesome-webfont3e6e.eot]
[www.loyolaschooltrivandrum.com/fonts/fontawesome-webfont3e6e.woff2]
[www.loyolaschooltrivandrum.com/fonts/fontawesome-webfont3e6e.woff]
[www.loyolaschooltrivandrum.com/fonts/fontawesome-webfontd41d.eot]
[www.loyolaschooltrivandrum.com/css/font-awesome.min.css]
[www.loyolaschooltrivandrum.com/main/index.html]
[www.loyolaschooltrivandrum.com/main/index.html]
[www.loyolaschooltrivandrum.com/fonts/fontawesome-webfont3e6e.svg]
[www.loyolaschooltrivandrum.com/icse/index.html]
[www.loyolaschooltrivandrum.com/cbse/index.html]
[www.loyolaschooltrivandrum.com/fonts/fontawesome-webfont3e6e.ttf]
[www.loyolaschooltrivandrum.com/loyola-mag/index.html]
[www.loyolaschooltrivandrum.com/fonts/fontawesome-webfont3e6e.svg]
